// Jest Snapshot v1, https://goo.gl/fbAQLP

exports[`nodeDetails component renders correctly 1`] = `
<div
  className="nodeDetails"
>
  <Card
    tag="div"
  >
    <CardBlock
      tag="div"
    >
      <CardTitle
        tag="h4"
      >
        Node Details
      </CardTitle>
      <InputGroup
        tag="div"
      >
        <InputGroupAddon
          tag="div"
        >
          AA Category
        </InputGroupAddon>
        <Select
          addLabelText="Add \\"{label}\\"?"
          arrowRenderer={[Function]}
          autosize={true}
          backspaceRemoves={true}
          backspaceToRemoveMessage="Press backspace to remove {label}"
          clearAllText="Clear all"
          clearRenderer={[Function]}
          clearValueText="Clear value"
          clearable={true}
          closeOnSelect={true}
          deleteRemoves={true}
          delimiter=","
          disabled={false}
          escapeClearsValue={true}
          filterOptions={[Function]}
          ignoreAccents={true}
          ignoreCase={true}
          inputProps={Object {}}
          isLoading={false}
          joinValues={false}
          labelKey="label"
          matchPos="any"
          matchProp="any"
          menuBuffer={0}
          menuRenderer={[Function]}
          multi={false}
          name="aa_category"
          noResultsText="No results found"
          onBlurResetsInput={true}
          onChange={[Function]}
          onCloseResetsInput={true}
          onSelectResetsInput={true}
          openOnClick={true}
          optionComponent={[Function]}
          options={Array []}
          pageSize={5}
          placeholder="Select..."
          required={false}
          scrollMenuIntoView={true}
          searchable={true}
          simpleValue={false}
          tabSelectsValue={true}
          valueComponent={[Function]}
          valueKey="value"
        />
      </InputGroup>
      <InputGroup
        tag="div"
      >
        <InputGroupAddon
          tag="div"
        >
          AA Benchmark
        </InputGroupAddon>
        <Select
          addLabelText="Add \\"{label}\\"?"
          arrowRenderer={[Function]}
          autosize={true}
          backspaceRemoves={true}
          backspaceToRemoveMessage="Press backspace to remove {label}"
          clearAllText="Clear all"
          clearRenderer={[Function]}
          clearValueText="Clear value"
          clearable={true}
          closeOnSelect={true}
          deleteRemoves={true}
          delimiter=","
          disabled={false}
          escapeClearsValue={true}
          filterOptions={[Function]}
          ignoreAccents={true}
          ignoreCase={true}
          inputProps={Object {}}
          isLoading={false}
          joinValues={false}
          labelKey="label"
          matchPos="any"
          matchProp="any"
          menuBuffer={0}
          menuRenderer={[Function]}
          multi={false}
          name="aa_benchmark"
          noResultsText="No results found"
          onBlurResetsInput={true}
          onChange={[Function]}
          onCloseResetsInput={true}
          onSelectResetsInput={true}
          openOnClick={true}
          optionComponent={[Function]}
          options={Array []}
          pageSize={5}
          placeholder="Select..."
          required={false}
          scrollMenuIntoView={true}
          searchable={true}
          simpleValue={false}
          tabSelectsValue={true}
          valueComponent={[Function]}
          valueKey="value"
        />
      </InputGroup>
      <InputGroup
        tag="div"
      >
        <InputGroupAddon
          tag="div"
        >
          Node Name
        </InputGroupAddon>
        <Input
          disabled={false}
          onChange={[Function]}
          tag="p"
          type="text"
          value="test selected node"
        />
      </InputGroup>
      <InputGroup
        tag="div"
      >
        <InputGroupAddon
          tag="div"
        >
          Chart Abbreviation
        </InputGroupAddon>
        <Input
          disabled={false}
          onChange={[Function]}
          tag="p"
          type="text"
          value="Chart Abbreviation"
        />
      </InputGroup>
      <InputGroup
        tag="div"
      >
        <InputGroupAddon
          tag="div"
        >
          Short Code
        </InputGroupAddon>
        <Input
          disabled={false}
          onChange={[Function]}
          tag="p"
          type="select"
        >
          <option>
            Short Code 1
          </option>
          <option>
            Short Code 2
          </option>
          <option>
            Short Code 3
          </option>
        </Input>
      </InputGroup>
      <InputGroup
        tag="div"
      >
        <InputGroupAddon
          tag="div"
        >
          CRM InvProd
        </InputGroupAddon>
        <Input
          disabled={false}
          tag="p"
          type="text"
        />
      </InputGroup>
      <InputGroup
        tag="div"
      >
        <InputGroupAddon
          tag="div"
        >
          Policy Weight
        </InputGroupAddon>
        <Input
          disabled={false}
          onChange={[Function]}
          tag="p"
          type="text"
          value="100%"
        />
      </InputGroup>
      <InputGroup
        tag="div"
      >
        <InputGroupAddon
          tag="div"
        >
          Actual Market Value
        </InputGroupAddon>
        <Input
          disabled={false}
          onChange={[Function]}
          tag="p"
          type="text"
          value="0.8"
        />
      </InputGroup>
      <InputGroup
        tag="div"
      >
        <InputGroupAddon
          tag="div"
        >
          Color Assignment
        </InputGroupAddon>
        <div
          className="colorPickerWrapper"
        >
          <ColorPicker
            changeColor={[Function]}
            disabled={false}
          />
        </div>
      </InputGroup>
      <InputGroup
        tag="div"
      >
        <InputGroupAddon
          tag="div"
        >
          Liquidity
        </InputGroupAddon>
        <Input
          disabled={false}
          onChange={[Function]}
          tag="p"
          type="select"
        >
          <option>
            Daily
          </option>
          <option>
            Monthly
          </option>
          <option>
            Yearly
          </option>
        </Input>
      </InputGroup>
      <InputGroup
        tag="div"
      >
        <InputGroupAddon
          tag="div"
        >
          Active/Passive
        </InputGroupAddon>
        <Input
          disabled={false}
          onChange={[Function]}
          tag="p"
          type="select"
        >
          <option>
            Active
          </option>
          <option>
            Passive
          </option>
        </Input>
      </InputGroup>
      <InputGroup
        tag="div"
      >
        <InputGroupAddon
          tag="div"
        >
          Current Expense Ratio
        </InputGroupAddon>
        <Input
          disabled={false}
          tag="p"
          type="text"
        />
      </InputGroup>
      <InputGroup
        tag="div"
      >
        <InputGroupAddon
          tag="div"
        >
          Cost Basis
        </InputGroupAddon>
        <Input
          disabled={false}
          tag="p"
          type="text"
        />
      </InputGroup>
    </CardBlock>
  </Card>
</div>
`;
