// Jest Snapshot v1, https://goo.gl/fbAQLP

exports[`nodeDetails component renders correctly 1`] = `
<div
  className="nodeDetails"
>
  <Card
    tag="div"
  >
    <CardBlock
      tag="div"
    >
      <CardTitle
        tag="h4"
      >
        Node Details
      </CardTitle>
      <InputGroup
        tag="div"
      >
        <InputGroupAddon
          tag="div"
        >
          AA Category
        </InputGroupAddon>
        <Input
          disabled={false}
          onChange={[Function]}
          tag="p"
          type="select"
        >
          <option>
            AA Category 1
          </option>
          <option>
            AA Category 2
          </option>
          <option>
            AA Category 3
          </option>
        </Input>
      </InputGroup>
      <InputGroup
        tag="div"
      >
        <InputGroupAddon
          tag="div"
        >
          AA Benchmark
        </InputGroupAddon>
        <Input
          disabled={false}
          onChange={[Function]}
          tag="p"
          type="select"
        >
          <option>
            AA Benchmark 1
          </option>
          <option>
            AA Benchmark 2
          </option>
          <option>
            AA Benchmark 3
          </option>
        </Input>
      </InputGroup>
      <InputGroup
        tag="div"
      >
        <InputGroupAddon
          tag="div"
        >
          Node Name
        </InputGroupAddon>
        <Input
          disabled={false}
          onChange={[Function]}
          tag="p"
          type="text"
          value="test selected node"
        />
      </InputGroup>
      <InputGroup
        tag="div"
      >
        <InputGroupAddon
          tag="div"
        >
          Chart Abbreviation
        </InputGroupAddon>
        <Input
          disabled={false}
          onChange={[Function]}
          tag="p"
          type="text"
          value="Chart Abbreviation"
        />
      </InputGroup>
      <InputGroup
        tag="div"
      >
        <InputGroupAddon
          tag="div"
        >
          Short Code
        </InputGroupAddon>
        <Input
          disabled={false}
          onChange={[Function]}
          tag="p"
          type="select"
        >
          <option>
            Short Code 1
          </option>
          <option>
            Short Code 2
          </option>
          <option>
            Short Code 3
          </option>
        </Input>
      </InputGroup>
      <InputGroup
        tag="div"
      >
        <InputGroupAddon
          tag="div"
        >
          CRM InvProd
        </InputGroupAddon>
        <Input
          disabled={false}
          tag="p"
          type="text"
        />
      </InputGroup>
      <InputGroup
        tag="div"
      >
        <InputGroupAddon
          tag="div"
        >
          Policy Weight
        </InputGroupAddon>
        <Input
          disabled={false}
          onChange={[Function]}
          tag="p"
          type="text"
          value="100%"
        />
      </InputGroup>
      <InputGroup
        tag="div"
      >
        <InputGroupAddon
          tag="div"
        >
          Actual Market Value
        </InputGroupAddon>
        <Input
          disabled={false}
          onChange={[Function]}
          tag="p"
          type="text"
          value="0.8"
        />
      </InputGroup>
      <InputGroup
        tag="div"
      >
        <InputGroupAddon
          tag="div"
        >
          Color Assignment
        </InputGroupAddon>
        <div
          className="colorPickerWrapper"
        >
          <ColorPicker
            changeColor={[Function]}
            disabled={false}
          />
        </div>
      </InputGroup>
      <InputGroup
        tag="div"
      >
        <InputGroupAddon
          tag="div"
        >
          Liquidity
        </InputGroupAddon>
        <Input
          disabled={false}
          onChange={[Function]}
          tag="p"
          type="select"
        >
          <option>
            Daily
          </option>
          <option>
            Monthly
          </option>
          <option>
            Yearly
          </option>
        </Input>
      </InputGroup>
      <InputGroup
        tag="div"
      >
        <InputGroupAddon
          tag="div"
        >
          Active/Passive
        </InputGroupAddon>
        <Input
          disabled={false}
          onChange={[Function]}
          tag="p"
          type="select"
        >
          <option>
            Active
          </option>
          <option>
            Passive
          </option>
        </Input>
      </InputGroup>
      <InputGroup
        tag="div"
      >
        <InputGroupAddon
          tag="div"
        >
          Current Expense Ratio
        </InputGroupAddon>
        <Input
          disabled={false}
          tag="p"
          type="text"
        />
      </InputGroup>
      <InputGroup
        tag="div"
      >
        <InputGroupAddon
          tag="div"
        >
          Cost Basis
        </InputGroupAddon>
        <Input
          disabled={false}
          tag="p"
          type="text"
        />
      </InputGroup>
    </CardBlock>
  </Card>
</div>
`;
