// Jest Snapshot v1, https://goo.gl/fbAQLP

exports[`mixHeaderRenderer component renders correctly 1`] = `
<div
  className="ag-header-cell-label"
>
  <NavLink
    href="#"
    onClick={[Function]}
    tag="a"
  >
    Mix 1
  </NavLink>
  <ContextMenuProvider
    className=""
    data-mix="Mix 1"
    event="onClick"
    id="mix_menu_id"
    renderTag="div"
    style={Object {}}
  >
    <button>
      ...
    </button>
  </ContextMenuProvider>
</div>
`;
